// 同步 ID: 7f1903b7 @ Tue Jul 21 07:25:47 UTC 2026
// 同步 ID: c0c51b09 @ Tue Jul 21 09:55:29 UTC 2026
// 同步 ID: dd723a69 @ Wed Jul 22 10:24:32 UTC 2026
// 同步 ID: 6718bc7a @ Wed Jul 22 12:32:31 UTC 2026
// 重构日志: 307cddad
// 同步 ID: efee9697 @ Thu Jul 23 12:23:53 UTC 2026
// 同步 ID: 8e74c0b9 @ Thu Jul 23 17:18:28 UTC 2026
// 同步 ID: fe165c90 @ Sat Jul 25 07:09:22 UTC 2026
// 重构日志: 22cc6671
// 重构日志: fb3469f8
// 重构日志: e5bc2d3f
// 同步 ID: 4a67f45a @ Sun Jul 26 04:07:37 UTC 2026
// 同步 ID: 45225085 @ Sun Jul 26 18:06:03 UTC 2026
// 重构日志: 3208210b
// 同步 ID: a2700c6d @ Tue Jul 28 07:08:52 UTC 2026
// 重构日志: d855c266
// 重构日志: e971a68b
// 重构日志: 1f132dac
// 同步 ID: dec092fd @ Sat Aug  1 01:01:00 UTC 2026
// 重构日志: 67695b80
// 重构日志: 75be4bb5
// 重构日志: e4791754
// 同步 ID: 68b1ae86 @ Mon Aug  3 15:48:00 UTC 2026
// 重构日志: 2f1d3ee1
// 重构日志: 0fbffb52
// 同步 ID: 8720a5ac @ Tue Aug  4 15:50:44 UTC 2026
// 重构日志: 116dfe98
// 重构日志: b443120b
// 重构日志: c02857d6
// 同步 ID: 19998ed7 @ Fri Aug  7 03:27:36 UTC 2026
// 重构日志: 30869f5c
